###############################################################################
#                                                                             #
#     IAR Assembler V9.10.2.313/W64 for ARM 23/Jun/2021  22:20:22             #
#     Copyright 1999-2021 IAR Systems AB.                                     #
#                                                                             #
#           Source file   =  C:\Users\raphi\OneDrive\Área de Trabalho\Materias 20_01\Micro\TM4C1294_SM_IAR9-main\TM4C1294_SM_IAR9-main\Projects\asm_example\src\asm.s#
#           List file     =  C:\Users\raphi\OneDrive\Área de Trabalho\Materias 20_01\Micro\TM4C1294_SM_IAR9-main\TM4C1294_SM_IAR9-main\Projects\asm_example\Debug\List\asm.lst#
#           Object file   =  C:\Users\raphi\OneDrive\Área de Trabalho\Materias 20_01\Micro\TM4C1294_SM_IAR9-main\TM4C1294_SM_IAR9-main\Projects\asm_example\Debug\Obj\asm.o#
#           Command line  =  -f                                               #
#                            C:\Users\raphi\OneDrive\Área de Trabalho\Materias 20_01\Micro\TM4C1294_SM_IAR9-main\TM4C1294_SM_IAR9-main\Projects\asm_example\Debug\Obj\asm.o.rsp #
#                            (C:\Users\raphi\OneDrive\Área de Trabalho\Materias 20_01\Micro\TM4C1294_SM_IAR9-main\TM4C1294_SM_IAR9-main\Projects\asm_example\src\asm.s #
#                            -OC:\Users\raphi\OneDrive\Área de Trabalho\Materias 20_01\Micro\TM4C1294_SM_IAR9-main\TM4C1294_SM_IAR9-main\Projects\asm_example\Debug\Obj\\ #
#                            -s+ -M<> -w+ -r                                  #
#                            -LC:\Users\raphi\OneDrive\Área de Trabalho\Materias 20_01\Micro\TM4C1294_SM_IAR9-main\TM4C1294_SM_IAR9-main\Projects\asm_example\Debug\List\\ #
#                            -t8 --cpu Cortex-M4 --fpu None)                  #
#                                                                             #
###############################################################################

    1                                   PUBLIC  __iar_program_start
    2                                   PUBLIC  __vector_table
    3                           
    4                                   SECTION .text:CODE:REORDER(1)
    5                                   
    6                                   ;; Keep vector table even if it's not
                                 referenced
    7                                   REQUIRE __vector_table
    8                                   
    9                                   THUMB
   10                                   
   11                           __iar_program_start
   12                                   
   13                                   ;; main program begins here
   14    00000000 4FF00000      main    MOV R0,  #0
   15    00000004 0021                  MOVS R1, #0
   16    00000006 4FF0FF32              MOV R2,  #-1
   17    0000000A 7FF00103              MOVS R3, #-2
   18    0000000E 6FF0FF34              MVN R4,  #-1
   19    00000012 0125                  MVNS R5, #-2
   20    00000014 6FF00006              MVN R6,  #0
   21    00000018 7FF00007              MVNS R7, #0
   22                                   ; r0 := 0x01
   23    0000001C 00F10300      loop    ADD R0, R0, #0x03       ; r0 := r0 +
                                                                 0x03
   24    00000020 00F00F00              AND R0, R0, #0x0F       ; r0 := ro &&
                                                                 0x0f (bitwise
                                                                 and)
   25    00000024 FAE7                  B       loop            ; go to
                                                                 loop
   26                                   ;; main program ends here
   27                           
   28                                   ;; Forward declaration of sections.
   29                                   SECTION CSTACK:DATA:NOROOT(3)
   30                                   SECTION .intvec:CODE:NOROOT(2)
   31                                   
   32                                   DATA
   33                           
   34                           __vector_table
   35    00000000 ........              DCD     sfe(CSTACK)
   36    00000004 ........              DCD     __iar_program_start
   37                           
   38    00000008 ........              DCD     NMI_Handler
   39    0000000C ........              DCD     HardFault_Handler
   40    00000010 ........              DCD     MemManage_Handler
   41    00000014 ........              DCD     BusFault_Handler
   42    00000018 ........              DCD     UsageFault_Handler
   43    0000001C 00000000              DCD     0
   44    00000020 00000000              DCD     0
   45    00000024 00000000              DCD     0
   46    00000028 00000000              DCD     0
   47    0000002C ........              DCD     SVC_Handler
   48    00000030 ........              DCD     DebugMon_Handler
   49    00000034 00000000              DCD     0
   50    00000038 ........              DCD     PendSV_Handler
   51    0000003C ........              DCD     SysTick_Handler
   52                           
   53                           ;;;;;;;;;;;;;;;;;;;;;;;;;;;;;;;;;;;;;;;;;;;;;;
                                ;;;;;;
   54                           ;;
   55                           ;; Default interrupt handlers.
   56                           ;;
   57                           
   58                                   PUBWEAK NMI_Handler
   59                                   PUBWEAK HardFault_Handler
   60                                   PUBWEAK MemManage_Handler
   61                                   PUBWEAK BusFault_Handler
   62                                   PUBWEAK UsageFault_Handler
   63                                   PUBWEAK SVC_Handler
   64                                   PUBWEAK DebugMon_Handler
   65                                   PUBWEAK PendSV_Handler
   66                                   PUBWEAK SysTick_Handler
   67                           
   68                                   SECTION .text:CODE:REORDER:NOROOT(1)
   69                                   THUMB
   70                           
   71                           NMI_Handler
   72                           HardFault_Handler
   73                           MemManage_Handler
   74                           BusFault_Handler
   75                           UsageFault_Handler
   76                           SVC_Handler
   77                           DebugMon_Handler
   78                           PendSV_Handler
   79                           SysTick_Handler
   80                           Default_Handler
   81                           __default_handler
   82                                   CALL_GRAPH_ROOT __default_handler,
                                 "interrupt"
   83                                   NOCALL __default_handler
   84    00000000 FEE7                  B __default_handler
   85                           
   86                                   END
##############################
#           CRC:0            #
#        Errors:   0         #
#        Warnings: 0         #
#         Bytes: 104         #
##############################



